---
source: compiler-core/src/type_/tests/warnings.rs
expression: "pub fn main() { let _ = !!!!!False }"
---
----- SOURCE CODE
pub fn main() { let _ = !!!!!False }

----- WARNING
warning: Unnecessary double negation (!!) on bool
  ┌─ /src/warning/wrn.gleam:1:25
  │
1 │ pub fn main() { let _ = !!!!!False }
  │                         ^^^^ You can safely remove this.
