---
source: compiler-core/src/language_server/tests/signature_help.rs
expression: "\nimport example.{example_fn}\npub fn main() {\n  example_fn()\n}\n"
---
import example.{example_fn}
pub fn main() {
  example_fn()
             ↑
}


----- Signature help -----
example_fn(Int, String) -> Nil
           ▔▔▔

No documentation
