---
source: compiler-core/src/language_server/tests/completion.rs
assertion_line: 142
expression: "\n\npub fn main() {\n  0\n}"
---
|

pub fn main() {
  0
}


----- Completion content -----
