---
source: test-output/src/generated_tests.rs
expression: "./cases/echo_int"
---
--- CODE
pub fn main() {
  echo 1
  echo 2
  echo 100_000
}

--- OUTPUT ON ERLANG TARGET
[90m/Users/giacomocavalieri/Documents/progetti/gleam/test-output/cases/echo_int/src/main.gleam:2[39m
1
[90m/Users/giacomocavalieri/Documents/progetti/gleam/test-output/cases/echo_int/src/main.gleam:3[39m
2
[90m/Users/giacomocavalieri/Documents/progetti/gleam/test-output/cases/echo_int/src/main.gleam:4[39m
100000

--- OUTPUT ON JAVASCRIPT TARGET
[90m/Users/giacomocavalieri/Documents/progetti/gleam/test-output/cases/echo_int/src/main.gleam:2[39m
1
[90m/Users/giacomocavalieri/Documents/progetti/gleam/test-output/cases/echo_int/src/main.gleam:3[39m
2
[90m/Users/giacomocavalieri/Documents/progetti/gleam/test-output/cases/echo_int/src/main.gleam:4[39m
100000
