---
source: compiler-core/src/parse/tests.rs
expression: "\ntype User {\n    name: \"Test User\",\n}\n"
---
----- SOURCE CODE

type User {
    name: "Test User",
}


----- ERROR
error: Syntax error
  ┌─ /src/parse/error.gleam:3:5
  │
3 │     name: "Test User",
  │     ^^^^ I was not expecting this

Each custom type variant must have a constructor:

type User {
  User(
    name: Type,
  )
}
