---
source: compiler-core/src/parse/tests.rs
assertion_line: 796
expression: "\npub fn main() -> Nil {\n  let xs = [1, 2, 3]\n  [..xs, 3 + 3, 4]\n}\n"
---
error: Syntax error
  ┌─ /src/parse/error.gleam:4:4
  │
4 │   [..xs, 3 + 3, 4]
  │    ^^^^ I wasn't expecting elements after this

Lists are immutable and singly-linked, so to append items to them
all the elements of a list would need to be copied into a new list.
This would be slow, so there is no built-in syntax for it.

Hint: prepend items to the list and then reverse it once you are done.
