---
source: compiler-core/src/parse/tests.rs
assertion_line: 1797
expression: import one.two.three
snapshot_kind: text
---
----- SOURCE CODE
import one.two.three

----- ERROR
error: Syntax error
  ┌─ /src/parse/error.gleam:1:11
  │
1 │ import one.two.three
  │           ^ I was expecting either `/` or `.{` here.

Perhaps you meant one of:

    import one/two
    import one.{item}
