---
source: compiler-core/src/erlang/tests/records.rs
expression: "\ntype Triple {\n  Triple(a: Int, b: Int, c: Int)\n}\n\nfn main() {\n  let triple = Triple(1,2,3)\n  let Triple(the_a, c: the_c, ..) = triple\n  the_c\n}\n"
---
-module(my@mod).
-compile([no_auto_import, nowarn_unused_vars, nowarn_unused_function, nowarn_nomatch]).

-export_type([triple/0]).

-type triple() :: {triple, integer(), integer(), integer()}.

-spec main() -> integer().
main() ->
    Triple = {triple, 1, 2, 3},
    {triple, The_a, _, The_c} = Triple,
    The_c.
