---
source: compiler-core/src/erlang/tests/documentation.rs
expression: "\n/// \"hello\"\npub fn documented() { 1 }"
---
----- SOURCE CODE

/// "hello"
pub fn documented() { 1 }

----- COMPILED ERLANG
-module(my@mod).
-compile([no_auto_import, nowarn_unused_vars, nowarn_unused_function, nowarn_nomatch]).

-export([documented/0]).

-if(?OTP_RELEASE >= 27).
-define(MODULEDOC(Str), -moduledoc(Str)).
-define(DOC(Str), -doc(Str)).
-else.
-define(MODULEDOC(Str), -compile([])).
-define(DOC(Str), -compile([])).
-endif.

-file("project/test/my/mod.gleam", 3).
?DOC(" \"hello\"\n").
-spec documented() -> integer().
documented() ->
    1.
