---
source: compiler-core/src/javascript/tests/custom_types.rs
expression: "import other\npub const main = other.Two(b: 2, c: 3, a: 1)\n"
---
import * as $other from "../other.mjs";

export const main = new $other.Two(1, 2, 3);
