---
source: compiler-core/src/javascript/tests/results.rs
expression: "pub fn main() { Error }"
---
import { Error } from "../gleam.mjs";

export function main() {
  return (var0) => { return new Error(var0); };
}
