---
source: compiler-core/src/javascript/tests/blocks.rs
assertion_line: 75
expression: "\npub fn go() {\n  let x = {\n    1\n    {\n      2\n      3\n    }\n    4\n  }\n  x\n}\n"
snapshot_kind: text
---
----- SOURCE CODE

pub fn go() {
  let x = {
    1
    {
      2
      3
    }
    4
  }
  x
}


----- COMPILED JAVASCRIPT
export function go() {
  let _block;
  {
    1;
    let _block$1;
    {
      2;
      _block$1 = 3;
    }
    _block$1;
    _block = 4;
  }
  let x = _block;
  return x;
}
