---
source: compiler-core/src/erlang/tests.rs
expression: "pub fn x() { 1. <. 2.3 }"

---
-module(the_app).
-compile(no_auto_import).

-export([x/0]).

-spec x() -> boolean().
x() ->
    1.0 < 2.3.

